Archive member included to satisfy reference by file (symbol)

c:/program files (x86)/atmel/studio/7.0/toolchain/avr8/avr8-gnu-toolchain/bin/../lib/gcc/avr/5.4.0/../../../../avr/lib/avr5\libm.a(addsf3.o)
                              gcode.o (__subsf3)
c:/program files (x86)/atmel/studio/7.0/toolchain/avr8/avr8-gnu-toolchain/bin/../lib/gcc/avr/5.4.0/../../../../avr/lib/avr5\libm.a(addsf3x.o)
                              c:/program files (x86)/atmel/studio/7.0/toolchain/avr8/avr8-gnu-toolchain/bin/../lib/gcc/avr/5.4.0/../../../../avr/lib/avr5\libm.a(addsf3.o) (__addsf3x)
c:/program files (x86)/atmel/studio/7.0/toolchain/avr8/avr8-gnu-toolchain/bin/../lib/gcc/avr/5.4.0/../../../../avr/lib/avr5\libm.a(atan2.o)
                              motion_control.o (atan2)
c:/program files (x86)/atmel/studio/7.0/toolchain/avr8/avr8-gnu-toolchain/bin/../lib/gcc/avr/5.4.0/../../../../avr/lib/avr5\libm.a(atan.o)
                              c:/program files (x86)/atmel/studio/7.0/toolchain/avr8/avr8-gnu-toolchain/bin/../lib/gcc/avr/5.4.0/../../../../avr/lib/avr5\libm.a(atan2.o) (atan)
c:/program files (x86)/atmel/studio/7.0/toolchain/avr8/avr8-gnu-toolchain/bin/../lib/gcc/avr/5.4.0/../../../../avr/lib/avr5\libm.a(ceil.o)
                              stepper.o (ceil)
c:/program files (x86)/atmel/studio/7.0/toolchain/avr8/avr8-gnu-toolchain/bin/../lib/gcc/avr/5.4.0/../../../../avr/lib/avr5\libm.a(cmpsf2.o)
                              gcode.o (__eqsf2)
c:/program files (x86)/atmel/studio/7.0/toolchain/avr8/avr8-gnu-toolchain/bin/../lib/gcc/avr/5.4.0/../../../../avr/lib/avr5\libm.a(cos.o)
                              motion_control.o (cos)
c:/program files (x86)/atmel/studio/7.0/toolchain/avr8/avr8-gnu-toolchain/bin/../lib/gcc/avr/5.4.0/../../../../avr/lib/avr5\libm.a(divsf3.o)
                              gcode.o (__divsf3)
c:/program files (x86)/atmel/studio/7.0/toolchain/avr8/avr8-gnu-toolchain/bin/../lib/gcc/avr/5.4.0/../../../../avr/lib/avr5\libm.a(divsf3x.o)
                              c:/program files (x86)/atmel/studio/7.0/toolchain/avr8/avr8-gnu-toolchain/bin/../lib/gcc/avr/5.4.0/../../../../avr/lib/avr5\libm.a(divsf3.o) (__divsf3x)
c:/program files (x86)/atmel/studio/7.0/toolchain/avr8/avr8-gnu-toolchain/bin/../lib/gcc/avr/5.4.0/../../../../avr/lib/avr5\libm.a(fixsfsi.o)
                              gcode.o (__fixsfsi)
c:/program files (x86)/atmel/studio/7.0/toolchain/avr8/avr8-gnu-toolchain/bin/../lib/gcc/avr/5.4.0/../../../../avr/lib/avr5\libm.a(fixunssfsi.o)
                              gcode.o (__fixunssfsi)
c:/program files (x86)/atmel/studio/7.0/toolchain/avr8/avr8-gnu-toolchain/bin/../lib/gcc/avr/5.4.0/../../../../avr/lib/avr5\libm.a(floatsisf.o)
                              limits.o (__floatunsisf)
c:/program files (x86)/atmel/studio/7.0/toolchain/avr8/avr8-gnu-toolchain/bin/../lib/gcc/avr/5.4.0/../../../../avr/lib/avr5\libm.a(floor.o)
                              motion_control.o (floor)
c:/program files (x86)/atmel/studio/7.0/toolchain/avr8/avr8-gnu-toolchain/bin/../lib/gcc/avr/5.4.0/../../../../avr/lib/avr5\libm.a(fp_cmp.o)
                              c:/program files (x86)/atmel/studio/7.0/toolchain/avr8/avr8-gnu-toolchain/bin/../lib/gcc/avr/5.4.0/../../../../avr/lib/avr5\libm.a(cmpsf2.o) (__fp_cmp)
c:/program files (x86)/atmel/studio/7.0/toolchain/avr8/avr8-gnu-toolchain/bin/../lib/gcc/avr/5.4.0/../../../../avr/lib/avr5\libm.a(fp_inf.o)
                              c:/program files (x86)/atmel/studio/7.0/toolchain/avr8/avr8-gnu-toolchain/bin/../lib/gcc/avr/5.4.0/../../../../avr/lib/avr5\libm.a(addsf3x.o) (__fp_inf)
c:/program files (x86)/atmel/studio/7.0/toolchain/avr8/avr8-gnu-toolchain/bin/../lib/gcc/avr/5.4.0/../../../../avr/lib/avr5\libm.a(fp_mintl.o)
                              c:/program files (x86)/atmel/studio/7.0/toolchain/avr8/avr8-gnu-toolchain/bin/../lib/gcc/avr/5.4.0/../../../../avr/lib/avr5\libm.a(ceil.o) (__fp_mintl)
c:/program files (x86)/atmel/studio/7.0/toolchain/avr8/avr8-gnu-toolchain/bin/../lib/gcc/avr/5.4.0/../../../../avr/lib/avr5\libm.a(fp_mpack.o)
                              c:/program files (x86)/atmel/studio/7.0/toolchain/avr8/avr8-gnu-toolchain/bin/../lib/gcc/avr/5.4.0/../../../../avr/lib/avr5\libm.a(ceil.o) (__fp_mpack)
c:/program files (x86)/atmel/studio/7.0/toolchain/avr8/avr8-gnu-toolchain/bin/../lib/gcc/avr/5.4.0/../../../../avr/lib/avr5\libm.a(fp_nan.o)
                              c:/program files (x86)/atmel/studio/7.0/toolchain/avr8/avr8-gnu-toolchain/bin/../lib/gcc/avr/5.4.0/../../../../avr/lib/avr5\libm.a(addsf3x.o) (__fp_nan)
c:/program files (x86)/atmel/studio/7.0/toolchain/avr8/avr8-gnu-toolchain/bin/../lib/gcc/avr/5.4.0/../../../../avr/lib/avr5\libm.a(fp_powser.o)
                              c:/program files (x86)/atmel/studio/7.0/toolchain/avr8/avr8-gnu-toolchain/bin/../lib/gcc/avr/5.4.0/../../../../avr/lib/avr5\libm.a(atan.o) (__fp_powser)
[...]
Memory Configuration

Name             Origin             Length             Attributes
text             0x00000000         0x00020000         xr
data             0x00800060         0x0000ffa0         rw !x
eeprom           0x00810000         0x00010000         rw !x
fuse             0x00820000         0x00000003         rw !x
lock             0x00830000         0x00000400         rw !x
signature        0x00840000         0x00000400         rw !x
user_signatures  0x00850000         0x00000400         rw !x
*default*        0x00000000         0xffffffff

Linker script and memory map

Address of section .data set to 0x800100
LOAD C:/Program Files (x86)/Atmel/Studio/7.0/Packs/atmel/ATmega_DFP/1.3.300/gcc/dev/atmega328p/avr5/crtatmega328p.o
LOAD coolant_control.o
LOAD eeprom.o
LOAD gcode.o
LOAD InputFake.o
LOAD limits.o
LOAD main.o
LOAD motion_control.o
LOAD nuts_bolts.o
LOAD planner.o
LOAD print.o
LOAD probe.o
LOAD protocol.o
LOAD report.o
LOAD serial.o
LOAD servo_control.o
LOAD settings.o
LOAD spindle_control.o
LOAD stepper.o
LOAD system.o
START GROUP
LOAD c:/program files (x86)/atmel/studio/7.0/toolchain/avr8/avr8-gnu-toolchain/bin/../lib/gcc/avr/5.4.0/../../../../avr/lib/avr5\libm.a
END GROUP
START GROUP
LOAD c:/program files (x86)/atmel/studio/7.0/toolchain/avr8/avr8-gnu-toolchain/bin/../lib/gcc/avr/5.4.0/avr5\libgcc.a
LOAD c:/program files (x86)/atmel/studio/7.0/toolchain/avr8/avr8-gnu-toolchain/bin/../lib/gcc/avr/5.4.0/../../../../avr/lib/avr5\libm.a
LOAD c:/program files (x86)/atmel/studio/7.0/toolchain/avr8/avr8-gnu-toolchain/bin/../lib/gcc/avr/5.4.0/../../../../avr/lib/avr5\libc.a
LOAD C:/Program Files (x86)/Atmel/Studio/7.0/Packs/atmel/ATmega_DFP/1.3.300/gcc/dev/atmega328p/avr5\libatmega328p.a
END GROUP
                0x00000000                __TEXT_REGION_ORIGIN__ = DEFINED (__TEXT_REGION_ORIGIN__)?__TEXT_REGION_ORIGIN__:0x0
                0x00800060                __DATA_REGION_ORIGIN__ = DEFINED (__DATA_REGION_ORIGIN__)?__DATA_REGION_ORIGIN__:0x800060
                0x00020000                __TEXT_REGION_LENGTH__ = DEFINED (__TEXT_REGION_LENGTH__)?__TEXT_REGION_LENGTH__:0x20000
                0x0000ffa0                __DATA_REGION_LENGTH__ = DEFINED (__DATA_REGION_LENGTH__)?__DATA_REGION_LENGTH__:0xffa0
                0x00010000                __EEPROM_REGION_LENGTH__ = DEFINED (__EEPROM_REGION_LENGTH__)?__EEPROM_REGION_LENGTH__:0x10000
                [0x00000003]                __FUSE_REGION_LENGTH__ = DEFINED (__FUSE_REGION_LENGTH__)?__FUSE_REGION_LENGTH__:0x400
                0x00000400                __LOCK_REGION_LENGTH__ = DEFINED (__LOCK_REGION_LENGTH__)?__LOCK_REGION_LENGTH__:0x400
                0x00000400                __SIGNATURE_REGION_LENGTH__ = DEFINED (__SIGNATURE_REGION_LENGTH__)?__SIGNATURE_REGION_LENGTH__:0x400
                0x00000400                __USER_SIGNATURE_REGION_LENGTH__ = DEFINED (__USER_SIGNATURE_REGION_LENGTH__)?__USER_SIGNATURE_REGION_LENGTH__:0x400

.hash
 *(.hash)

.dynsym
 *(.dynsym)

.dynstr
 *(.dynstr)

.gnu.version
 *(.gnu.version)

.gnu.version_d
 *(.gnu.version_d)

.gnu.version_r
 *(.gnu.version_r)

.rel.init
 *(.rel.init)

.rela.init
 *(.rela.init)

.rel.text
 *(.rel.text)
 *(.rel.text.*)
 *(.rel.gnu.linkonce.t*)

.rela.text
 *(.rela.text)
 *(.rela.text.*)
 *(.rela.gnu.linkonce.t*)

.rel.fini
 *(.rel.fini)

.rela.fini
 *(.rela.fini)

.rel.rodata
 *(.rel.rodata)
 *(.rel.rodata.*)
 *(.rel.gnu.linkonce.r*)

.rela.rodata
 *(.rela.rodata)
 *(.rela.rodata.*)
 *(.rela.gnu.linkonce.r*)

.rel.data
 *(.rel.data)
 *(.rel.data.*)
 *(.rel.gnu.linkonce.d*)

.rela.data
 *(.rela.data)
 *(.rela.data.*)
 *(.rela.gnu.linkonce.d*)

.rel.ctors
 *(.rel.ctors)

.rela.ctors
 *(.rela.ctors)

.rel.dtors
 *(.rel.dtors)

.rela.dtors
 *(.rela.dtors)

.rel.got
 *(.rel.got)

.rela.got
 *(.rela.got)

.rel.bss
 *(.rel.bss)

.rela.bss
 *(.rela.bss)

.rel.plt
 *(.rel.plt)

.rela.plt
 *(.rela.plt)

.text           0x00000000     0x7ac6
 *(.vectors)
 .vectors       0x00000000       0x68 C:/Program Files (x86)/Atmel/Studio/7.0/Packs/atmel/ATmega_DFP/1.3.300/gcc/dev/atmega328p/avr5/crtatmega328p.o
                0x00000000                __vector_default
                0x00000000                __vectors
 *(.vectors)
 *(.progmem.gcc*)
 .progmem.gcc_sw_table.gc_execute_line
                0x00000068      0x146 gcode.o
 .progmem.gcc_sw_table.report_status_message
                0x000001ae       0x2c report.o
 .progmem.gcc_sw_table.report_feedback_message
                0x000001da       0x10 report.o
 .progmem.gcc_sw_table.report_realtime_status
                0x000001ea       0x82 report.o
 .progmem.gcc_sw_table.settings_store_global_setting
                0x0000026c       0x38 settings.o
 .progmem.gcc_fplib
                0x000002a4       0x2d c:/program files (x86)/atmel/studio/7.0/toolchain/avr8/avr8-gnu-toolchain/bin/../lib/gcc/avr/5.4.0/../../../../avr/lib/avr5\libm.a(atan.o)
 .progmem.gcc_fplib
                0x000002d1       0x1e c:/program files (x86)/atmel/studio/7.0/toolchain/avr8/avr8-gnu-toolchain/bin/../lib/gcc/avr/5.4.0/../../../../avr/lib/avr5\libm.a(fp_sinus.o)
                0x000002f0                . = ALIGN (0x2)
 *fill*         0x000002ef        0x1 
                0x000002f0                __trampolines_start = .
 *(.trampolines)
 .trampolines   0x000002f0        0x0 linker stubs
 *(.trampolines*)
                0x000002f0                __trampolines_end = .
 *libprintf_flt.a:*(.progmem.data)
 *libc.a:*(.progmem.data)
 *(.progmem*)
 .progmem.data.__c.2890
                0x000002f0        0x4 report.o
 .progmem.data.__c.2888
                0x000002f4        0x6 report.o
 .progmem.data.__c.2886
                0x000002fa        0x5 report.o
 .progmem.data.__c.2884
                0x000002ff        0x6 report.o
 .progmem.data.__c.2879
                0x00000305        0x2 report.o
 .progmem.data.__c.2877
                0x00000307        0x7 report.o
 .progmem.data.__c.2872
                0x0000030e        0x2 report.o
 .progmem.data.__c.2870
                0x00000310        0x7 report.o
 .progmem.data.__c.2868
                0x00000317        0x6 report.o
 .progmem.data.__c.2865
                0x0000031d        0x7 report.o
 .progmem.data.__c.2862
                0x00000324        0x7 report.o
 .progmem.data.__c.2859
                0x0000032b        0x6 report.o
 .progmem.data.__c.2856
                0x00000331        0x6 report.o
 .progmem.data.__c.2853
                0x00000337        0x5 report.o
 .progmem.data.__c.2848
                0x0000033c        0x6 report.o
 .progmem.data.__c.2833
                0x00000342        0x4 report.o
 .progmem.data.__c.2831
                0x00000346       0x10 report.o
 .progmem.data.__c.2826
                0x00000356        0x3 report.o
 .progmem.data.__c.2824
                0x00000359        0x2 report.o
 .progmem.data.__c.2822
                0x0000035b        0x3 report.o
 .progmem.data.__c.2816
                0x0000035e        0x4 report.o
 .progmem.data.__c.2814
                0x00000362        0x3 report.o
 .progmem.data.__c.2812
                0x00000365        0x3 report.o
 .progmem.data.__c.2810
                0x00000368        0x3 report.o
 .progmem.data.__c.2808
                0x0000036b        0x4 report.o
 .progmem.data.__c.2804
                0x0000036f        0x4 report.o
 .progmem.data.__c.2801
                0x00000373        0x4 report.o
 .progmem.data.__c.2798
                0x00000377        0x4 report.o
 .progmem.data.__c.2794
                0x0000037b        0x4 report.o
 .progmem.data.__c.2791
                0x0000037f        0x4 report.o
 .progmem.data.__c.2788
                0x00000383        0x4 report.o
 .progmem.data.__c.2784
                0x00000387        0x4 report.o
 .progmem.data.__c.2781
                0x0000038b        0x5 report.o
 .progmem.data.__c.2779
                0x00000390        0x5 report.o
 .progmem.data.__c.2777
                0x00000395        0x5 report.o
 .progmem.data.__c.2775
                0x0000039a        0x5 report.o
 .progmem.data.__c.2773
                0x0000039f        0x5 report.o
 .progmem.data.__c.2771
                0x000003a4        0x5 report.o
 .progmem.data.__c.2769
                0x000003a9        0x5 report.o
 .progmem.data.__c.2766
                0x000003ae        0x5 report.o
 .progmem.data.__c.2762
                0x000003b3        0x5 report.o
 .progmem.data.__c.2759
                0x000003b8        0x3 report.o
 .progmem.data.__c.2757
                0x000003bb        0x5 report.o
 .progmem.data.__c.2754
                0x000003c0        0x4 report.o
 .progmem.data.__c.2751
                0x000003c4        0x3 report.o
 .progmem.data.__c.2748
                0x000003c7        0x3 report.o
 .progmem.data.__c.2745
                0x000003ca        0x3 report.o
 .progmem.data.__c.2741
                0x000003cd        0x3 report.o
 .progmem.data.__c.2738
                0x000003d0        0x2 report.o
 .progmem.data.__c.2734
                0x000003d2        0x4 report.o
 .progmem.data.__c.2732
                0x000003d6        0x6 report.o
 .progmem.data.__c.2727
                0x000003dc        0x4 report.o
 .progmem.data.__c.2725
                0x000003e0        0x2 report.o
 .progmem.data.__c.2723
                0x000003e2        0x6 report.o
 .progmem.data.__c.2715
                0x000003e8        0x4 report.o
 .progmem.data.__c.2713
                0x000003ec        0x2 report.o
 .progmem.data.__c.2711
                0x000003ee        0x2 report.o
 .progmem.data.__c.2708
                0x000003f0        0x3 report.o
 .progmem.data.__c.2704
                0x000003f3        0x3 report.o
 .progmem.data.__c.2701
                0x000003f6        0x3 report.o
 .progmem.data.__c.2694
                0x000003f9        0x4 report.o
 .progmem.data.__c.2692
                0x000003fd        0x2 report.o
 .progmem.data.__c.2687
                0x000003ff        0x2 report.o
 .progmem.data.__c.2685
                0x00000401        0x6 report.o
 .progmem.data.__c.2673
                0x00000407        0x4 report.o
 .progmem.data.__c.2671
                0x0000040b       0x10 report.o
 .progmem.data.__c.2668
                0x0000041b       0x11 report.o
 .progmem.data.__c.2665
                0x0000042c       0x12 report.o
 .progmem.data.__c.2661
                0x0000043e        0xa report.o
 .progmem.data.__c.2658
                0x00000448        0x2 report.o
 .progmem.data.__c.2655
                0x0000044a        0x2 report.o
 .progmem.data.__c.2651
                0x0000044c        0x2 report.o
 .progmem.data.__c.2648
                0x0000044e        0x3 report.o
 .progmem.data.__c.2641
                0x00000451        0x2 report.o
 .progmem.data.__c.2639
                0x00000453        0x2 report.o
 .progmem.data.__c.2634
                0x00000455       0x19 report.o
 .progmem.data.__c.2632
                0x0000046e       0x1f report.o
 .progmem.data.__c.2630
                0x0000048d       0x1d report.o
 .progmem.data.__c.2628
                0x000004aa       0x1d report.o
 .progmem.data.__c.2626
                0x000004c7        0x8 report.o
 .progmem.data.__c.2624
                0x000004cf       0x1a report.o
 .progmem.data.__c.2622
                0x000004e9       0x1c report.o
 .progmem.data.__c.2620
                0x00000505       0x1b report.o
 .progmem.data.__c.2618
                0x00000520       0x1b report.o
 .progmem.data.__c.2616
                0x0000053b       0x1d report.o
 .progmem.data.__c.2614
                0x00000558       0x1b report.o
 .progmem.data.__c.2612
                0x00000573       0x20 report.o
 .progmem.data.__c.2610
                0x00000593        0x8 report.o
 .progmem.data.__c.2608
                0x0000059b       0x16 report.o
 .progmem.data.__c.2606
                0x000005b1       0x20 report.o
 .progmem.data.__c.2604
                0x000005d1       0x20 report.o
 .progmem.data.__c.2602
                0x000005f1       0x21 report.o
 .progmem.data.__c.2600
                0x00000612        0x7 report.o
 .progmem.data.__c.2598
                0x00000619       0x18 report.o
 .progmem.data.__c.2596
                0x00000631        0x7 report.o
 .progmem.data.__c.2594
                0x00000638       0x19 report.o
 .progmem.data.__c.2592
                0x00000651       0x1e report.o
 .progmem.data.__c.2590
                0x0000066f       0x19 report.o
 .progmem.data.__c.2588
                0x00000688        0x4 report.o
 .progmem.data.__c.2584
                0x0000068c      0x144 report.o
 .progmem.data.__c.2580
                0x000007d0       0x1d report.o
 .progmem.data.__c.2576
                0x000007ed        0x4 report.o
 .progmem.data.__c.2574
                0x000007f1       0x13 report.o
 .progmem.data.__c.2571
                0x00000804        0x8 report.o
 .progmem.data.__c.2568
                0x0000080c        0xb report.o
 .progmem.data.__c.2565
                0x00000817        0x9 report.o
 .progmem.data.__c.2562
                0x00000820        0x8 report.o
 .progmem.data.__c.2559
                0x00000828       0x12 report.o
 .progmem.data.__c.2556
                0x0000083a       0x14 report.o
 .progmem.data.__c.2552
                0x0000084e       0x12 report.o
 .progmem.data.__c.2549
                0x00000860        0x2 report.o
 .progmem.data.__c.2544
                0x00000862        0x3 report.o
 .progmem.data.__c.2542
                0x00000865        0xc report.o
 .progmem.data.__c.2539
                0x00000871        0xb report.o
 .progmem.data.__c.2536
                0x0000087c       0x13 report.o
 .progmem.data.__c.2533
                0x0000088f        0xb report.o
 .progmem.data.__c.2529
                0x0000089a        0xb report.o
 .progmem.data.__c.2526
                0x000008a5        0x8 report.o
 .progmem.data.__c.2521
                0x000008ad        0x3 report.o
 .progmem.data.__c.2519
                0x000008b0       0x12 report.o
 .progmem.data.__c.2516
                0x000008c2       0x14 report.o
 .progmem.data.__c.2513
                0x000008d6       0x14 report.o
 .progmem.data.__c.2510
                0x000008ea       0x16 report.o
 .progmem.data.__c.2507
                0x00000900        0xe report.o
 .progmem.data.__c.2504
                0x0000090e       0x13 report.o
 .progmem.data.__c.2501
                0x00000921        0xb report.o
 .progmem.data.__c.2498
                0x0000092c        0x9 report.o
 .progmem.data.__c.2495
                0x00000935       0x21 report.o
 .progmem.data.__c.2492
                0x00000956        0xf report.o
 .progmem.data.__c.2489
                0x00000965       0x11 report.o
 .progmem.data.__c.2486
                0x00000976        0xa report.o
 .progmem.data.__c.2483
                0x00000980       0x12 report.o
 .progmem.data.__c.2480
                0x00000992       0x12 report.o
 .progmem.data.__c.2476
                0x000009a4       0x18 report.o
 .progmem.data.__c.2473
                0x000009bc        0x8 report.o
 .progmem.data.__c.2471
                0x000009c4        0x5 report.o
                0x000009ca                . = ALIGN (0x2)
 *fill*         0x000009c9        0x1 
 *(.jumptables)
 *(.jumptables*)
 *(.lowtext)
 *(.lowtext*)
                0x000009ca                __ctors_start = .
 *(.ctors)
                0x000009ca                __ctors_end = .
                0x000009ca                __dtors_start = .
 *(.dtors)
                0x000009ca                __dtors_end = .
 SORT(*)(.ctors)
 SORT(*)(.dtors)
 *(.init0)
 .init0         0x000009ca        0x0 C:/Program Files (x86)/Atmel/Studio/7.0/Packs/atmel/ATmega_DFP/1.3.300/gcc/dev/atmega328p/avr5/crtatmega328p.o
                0x000009ca                __init
 *(.init0)
 *(.init1)
 *(.init1)
 *(.init2)
 .init2         0x000009ca        0xc C:/Program Files (x86)/Atmel/Studio/7.0/Packs/atmel/ATmega_DFP/1.3.300/gcc/dev/atmega328p/avr5/crtatmega328p.o
 *(.init2)
 *(.init3)
 *(.init3)
 *(.init4)
 .init4         0x000009d6       0x16 c:/program files (x86)/atmel/studio/7.0/toolchain/avr8/avr8-gnu-toolchain/bin/../lib/gcc/avr/5.4.0/avr5\libgcc.a(_copy_data.o)
                0x000009d6                __do_copy_data
 .init4         0x000009ec       0x10 c:/program files (x86)/atmel/studio/7.0/toolchain/avr8/avr8-gnu-toolchain/bin/../lib/gcc/avr/5.4.0/avr5\libgcc.a(_clear_bss.o)
                0x000009ec                __do_clear_bss
 *(.init4)
 *(.init5)
 *(.init5)
 *(.init6)
 *(.init6)
 *(.init7)
 *(.init7)
 *(.init8)
 *(.init8)
 *(.init9)
 .init9         0x000009fc        0x8 C:/Program Files (x86)/Atmel/Studio/7.0/Packs/atmel/ATmega_DFP/1.3.300/gcc/dev/atmega328p/avr5/crtatmega328p.o
 *(.init9)
 *(.text)
 .text          0x00000a04        0x4 C:/Program Files (x86)/Atmel/Studio/7.0/Packs/atmel/ATmega_DFP/1.3.300/gcc/dev/atmega328p/avr5/crtatmega328p.o
                0x00000a04                __vector_22
                0x00000a04                __vector_1
                0x00000a04                __vector_24
                0x00000a04                __vector_12
                0x00000a04                __bad_interrupt
                0x00000a04                __vector_6
                0x00000a04                __vector_23
                0x00000a04                __vector_25
                0x00000a04                __vector_13
                0x00000a04                __vector_17
                0x00000a04                __vector_7
                0x00000a04                __vector_5
                0x00000a04                __vector_9
                0x00000a04                __vector_2
                0x00000a04                __vector_21
                0x00000a04                __vector_15
                0x00000a04                __vector_8
                0x00000a04                __vector_14
                0x00000a04                __vector_10
                0x00000a04                __vector_20
                0x00000a08                . = ALIGN (0x2)
 *(.text.*)
 .text.coolant_stop
                0x00000a08        0x4 coolant_control.o
                0x00000a08                coolant_stop
 .text.coolant_init
                0x00000a0c        0x8 coolant_control.o
                0x00000a0c                coolant_init
 .text.coolant_set_state
                0x00000a14        0xe coolant_control.o
                0x00000a14                coolant_set_state
 .text.coolant_run
                0x00000a22       0x1a coolant_control.o
                0x00000a22                coolant_run
 .text.eeprom_get_char
                0x00000a3c       0x10 eeprom.o
                0x00000a3c                eeprom_get_char
 .text.eeprom_put_char
                0x00000a4c       0x3e eeprom.o
                0x00000a4c                eeprom_put_char
 .text.memcpy_to_eeprom_with_checksum
                0x00000a8a       0x8a eeprom.o
                0x00000a8a                memcpy_to_eeprom_with_checksum
 .text.memcpy_from_eeprom_with_checksum
                0x00000b14       0x96 eeprom.o
                0x00000b14                memcpy_from_eeprom_with_checksum
 .text.gc_check_same_position
                0x00000baa       0x50 gcode.o
 .text.gc_init  0x00000bfa       0x24 gcode.o
                0x00000bfa                gc_init
 .text.gc_sync_position
                0x00000c1e        0xe gcode.o
                0x00000c1e                gc_sync_position
 .text.gc_execute_line
                0x00000c2c     0x15e0 gcode.o
                0x00000c2c                gc_execute_line
 .text.limits_disable
                0x0000220c       0x16 limits.o
                0x0000220c                limits_disable
 .text.limits_init
                0x00002222       0x28 limits.o
                0x00002222                limits_init
 .text.limits_get_state
                0x0000224a       0x64 limits.o
                0x0000224a                limits_get_state
 .text.__vector_3
                0x000022ae       0x68 limits.o
                0x000022ae                __vector_3
 .text.limits_go_home
                0x00002316      0x400 limits.o
                0x00002316                limits_go_home
 .text.limits_soft_check
                0x00002716       0xd2 limits.o
                0x00002716                limits_soft_check
 .text.main     0x000027e8       0x72 main.o
                0x000027e8                main
 .text.mc_line  0x0000285a       0x6c motion_control.o
                0x0000285a                mc_line
 .text.mc_arc   0x000028c6      0x5c4 motion_control.o
                0x000028c6                mc_arc
 .text.mc_dwell
                0x00002e8a       0xc4 motion_control.o
                0x00002e8a                mc_dwell
 .text.mc_homing_cycle
                0x00002f4e       0x26 motion_control.o
                0x00002f4e                mc_homing_cycle
 .text.mc_probe_cycle
                0x00002f74      0x106 motion_control.o
                0x00002f74                mc_probe_cycle
 .text.mc_reset
                0x0000307a       0x5e motion_control.o
                0x0000307a                mc_reset
 .text.read_float
                0x000030d8      0x18c nuts_bolts.o
                0x000030d8                read_float
 .text.delay_ms
                0x00003264       0x16 nuts_bolts.o
                0x00003264                delay_ms
 .text.hypot_f  0x0000327a       0x66 nuts_bolts.o
                0x0000327a                hypot_f
 .text.planner_recalculate
                0x000032e0      0x2cc planner.o
 .text.plan_reset
                0x000035ac       0x22 planner.o
                0x000035ac                plan_reset
 .text.plan_discard_current_block
                0x000035ce       0x28 planner.o
                0x000035ce                plan_discard_current_block
 .text.plan_get_current_block
                0x000035f6       0x20 planner.o
                0x000035f6                plan_get_current_block
 .text.plan_get_exec_block_exit_speed
                0x00003616       0x36 planner.o
                0x00003616                plan_get_exec_block_exit_speed
 .text.plan_check_full_buffer
                0x0000364c       0x10 planner.o
                0x0000364c                plan_check_full_buffer
 .text.plan_buffer_line
                0x0000365c      0x6de planner.o
                0x0000365c                plan_buffer_line
 .text.plan_sync_position
                0x00003d3a       0x24 planner.o
                0x00003d3a                plan_sync_position
 .text.plan_get_block_buffer_count
                0x00003d5e       0x16 planner.o
                0x00003d5e                plan_get_block_buffer_count
 .text.plan_cycle_reinitialize
                0x00003d74       0x12 planner.o
                0x00003d74                plan_cycle_reinitialize
 .text.printString
                0x00003d86       0x1e print.o
                0x00003d86                printString
 .text.printPgmString
                0x00003da4       0x24 print.o
                0x00003da4                printPgmString
 .text.print_unsigned_int8
                0x00003dc8       0x88 print.o
                0x00003dc8                print_unsigned_int8
 .text.print_uint8_base2
                0x00003e50        0xa print.o
                0x00003e50                print_uint8_base2
 .text.print_uint8_base10
                0x00003e5a       0x1a print.o
                0x00003e5a                print_uint8_base10
 .text.printFloat
                0x00003e74      0x16e print.o
                0x00003e74                printFloat
 .text.printFloat_CoordValue
                0x00003fe2       0x24 print.o
                0x00003fe2                printFloat_CoordValue
 .text.printFloat_RateValue
                0x00004006       0x24 print.o
                0x00004006                printFloat_RateValue
 .text.printFloat_SettingValue
                0x0000402a        0x8 print.o
                0x0000402a                printFloat_SettingValue
 .text.probe_init
                0x00004032        0x6 probe.o
                0x00004032                probe_init
 .text.probe_configure_invert_mask
                0x00004038       0x24 probe.o
                0x00004038                probe_configure_invert_mask
 .text.probe_get_state
                0x0000405c        0xc probe.o
                0x0000405c                probe_get_state
 .text.probe_state_monitor
                0x00004068       0x32 probe.o
                0x00004068                probe_state_monitor
 .text.protocol_execute_realtime
                0x0000409a      0x25c protocol.o
                0x0000409a                protocol_execute_realtime
 .text.protocol_auto_cycle_start
                0x000042f6       0x12 protocol.o
                0x000042f6                protocol_auto_cycle_start
 .text.protocol_main_loop
                0x00004308      0x15a protocol.o
                0x00004308                protocol_main_loop
 .text.protocol_buffer_synchronize
                0x00004462       0x2a protocol.o
                0x00004462                protocol_buffer_synchronize
 .text.report_status_message
                0x0000448c       0xd8 report.o
                0x0000448c                report_status_message
 .text.report_alarm_message
                0x00004564       0x6a report.o
                0x00004564                report_alarm_message
 .text.report_feedback_message
                0x000045ce       0x7c report.o
                0x000045ce                report_feedback_message
 .text.report_init_message
                0x0000464a        0xa report.o
                0x0000464a                report_init_message
 .text.report_grbl_help
                0x00004654        0xa report.o
                0x00004654                report_grbl_help
 .text.report_grbl_settings
                0x0000465e      0x436 report.o
                0x0000465e                report_grbl_settings
 .text.report_probe_parameters
                0x00004a94       0x48 report.o
                0x00004a94                report_probe_parameters
 .text.report_ngc_parameters
                0x00004adc      0x12c report.o
                0x00004adc                report_ngc_parameters
 .text.report_gcode_modes
                0x00004c08      0x1ba report.o
                0x00004c08                report_gcode_modes
 .text.report_startup_line
                0x00004dc2       0x36 report.o
                0x00004dc2                report_startup_line
 .text.report_build_info
                0x00004df8       0x22 report.o
                0x00004df8                report_build_info
 .text.report_realtime_status
                0x00004e1a      0x1f6 report.o
                0x00004e1a                report_realtime_status
 .text.serial_get_rx_buffer_count
                0x00005010       0x16 serial.o
                0x00005010                serial_get_rx_buffer_count
 .text.serial_init
                0x00005026       0x2c serial.o
                0x00005026                serial_init
 .text.serial_write
                0x00005052       0x38 serial.o
                0x00005052                serial_write
 .text.__vector_19
                0x0000508a       0x54 serial.o
                0x0000508a                __vector_19
 .text.serial_read
                0x000050de       0x28 serial.o
                0x000050de                serial_read
 .text.__vector_18
                0x00005106       0xd2 serial.o
                0x00005106                __vector_18
 .text.serial_reset_read_buffer
                0x000051d8        0xa serial.o
                0x000051d8                serial_reset_read_buffer
 .text.servo_init
                0x000051e2       0x22 servo_control.o
                0x000051e2                servo_init
 .text.settings_store_startup_line
                0x00005204       0x14 settings.o
                0x00005204                settings_store_startup_line
 .text.settings_store_build_info
                0x00005218       0x10 settings.o
                0x00005218                settings_store_build_info
 .text.settings_write_coord_data
                0x00005228       0x14 settings.o
                0x00005228                settings_write_coord_data
 .text.write_global_settings
                0x0000523c       0x1c settings.o
                0x0000523c                write_global_settings
 .text.settings_restore
                0x00005258      0x188 settings.o
                0x00005258                settings_restore
 .text.settings_read_startup_line
                0x000053e0       0x3a settings.o
                0x000053e0                settings_read_startup_line
 .text.settings_read_build_info
                0x0000541a       0x2a settings.o
                0x0000541a                settings_read_build_info
 .text.settings_read_coord_data
                0x00005444       0x42 settings.o
                0x00005444                settings_read_coord_data
 .text.read_global_settings
                0x00005486       0x2c settings.o
                0x00005486                read_global_settings
 .text.settings_store_global_setting
                0x000054b2      0x29e settings.o
                0x000054b2                settings_store_global_setting
 .text.settings_init
                0x00005750       0x1a settings.o
                0x00005750                settings_init
 .text.get_step_pin_mask
                0x0000576a       0x14 settings.o
                0x0000576a                get_step_pin_mask
 .text.get_direction_pin_mask
                0x0000577e       0x14 settings.o
                0x0000577e                get_direction_pin_mask
 .text.get_limit_pin_mask
                0x00005792       0x14 settings.o
                0x00005792                get_limit_pin_mask
 .text.spindle_stop
                0x000057a6        0xc spindle_control.o
                0x000057a6                spindle_stop
 .text.spindle_set_state
                0x000057b2       0xba spindle_control.o
                0x000057b2                spindle_set_state
 .text.spindle_run
                0x0000586c       0x32 spindle_control.o
                0x0000586c                spindle_run
 .text.st_wake_up
                0x0000589e       0x3e stepper.o
                0x0000589e                st_wake_up
 .text.st_go_idle
                0x000058dc       0x52 stepper.o
                0x000058dc                st_go_idle
 .text.__vector_11
                0x0000592e      0x3c6 stepper.o
                0x0000592e                __vector_11
 .text.__vector_16
                0x00005cf4       0x2c stepper.o
                0x00005cf4                __vector_16
 .text.st_generate_step_dir_invert_masks
                0x00005d20       0x80 stepper.o
                0x00005d20                st_generate_step_dir_invert_masks
 .text.st_reset
                0x00005da0       0x58 stepper.o
                0x00005da0                st_reset
 .text.stepper_init
                0x00005df8       0x44 stepper.o
                0x00005df8                stepper_init
 .text.st_update_plan_block_parameters
                0x00005e3c       0x3e stepper.o
                0x00005e3c                st_update_plan_block_parameters
 .text.st_prep_buffer
                0x00005e7a      0xdf0 stepper.o
                0x00005e7a                st_prep_buffer
 .text.system_init
                0x00006c6a       0x22 system.o
                0x00006c6a                system_init
 .text.__vector_4
                0x00006c8c       0x76 system.o
                0x00006c8c                __vector_4
 .text.system_check_safety_door_ajar
                0x00006d02        0x4 system.o
                0x00006d02                system_check_safety_door_ajar
 .text.system_execute_startup
                0x00006d06       0x44 system.o
                0x00006d06                system_execute_startup
 .text.system_execute_line
                0x00006d4a      0x3e0 system.o
                0x00006d4a                system_execute_line
 .text.system_convert_axis_steps_to_mpos
                0x0000712a       0x38 system.o
                0x0000712a                system_convert_axis_steps_to_mpos
 .text.system_convert_array_steps_to_mpos
                0x00007162       0x36 system.o
                0x00007162                system_convert_array_steps_to_mpos
 .text.avr-libc.fplib
                0x00007198        0xe c:/program files (x86)/atmel/studio/7.0/toolchain/avr8/avr8-gnu-toolchain/bin/../lib/gcc/avr/5.4.0/../../../../avr/lib/avr5\libm.a(addsf3.o)
                0x00007198                __subsf3
                0x0000719a                __addsf3
 .text.avr-libc.fplib
                0x000071a6       0xcc c:/program files (x86)/atmel/studio/7.0/toolchain/avr8/avr8-gnu-toolchain/bin/../lib/gcc/avr/5.4.0/../../../../avr/lib/avr5\libm.a(addsf3x.o)
                0x000071c8                __addsf3x
 .text.avr-libc.fplib
                0x00007272       0x86 c:/program files (x86)/atmel/studio/7.0/toolchain/avr8/avr8-gnu-toolchain/bin/../lib/gcc/avr/5.4.0/../../../../avr/lib/avr5\libm.a(atan2.o)
                0x00007298                atan2
 .text.avr-libc.fplib
                0x000072f8       0x5e c:/program files (x86)/atmel/studio/7.0/toolchain/avr8/avr8-gnu-toolchain/bin/../lib/gcc/avr/5.4.0/../../../../avr/lib/avr5\libm.a(atan.o)
                0x000072f8                atan
 .text.avr-libc.fplib
                0x00007356       0x2e c:/program files (x86)/atmel/studio/7.0/toolchain/avr8/avr8-gnu-toolchain/bin/../lib/gcc/avr/5.4.0/../../../../avr/lib/avr5\libm.a(ceil.o)
                0x00007356                ceil
 .text.avr-libc.fplib
                0x00007384        0xa c:/program files (x86)/atmel/studio/7.0/toolchain/avr8/avr8-gnu-toolchain/bin/../lib/gcc/avr/5.4.0/../../../../avr/lib/avr5\libm.a(cmpsf2.o)
                0x00007384                __nesf2
                0x00007384                __eqsf2
                0x00007384                __cmpsf2
                0x00007384                __ltsf2
                0x00007384                __lesf2
 .text.avr-libc.fplib
                0x0000738e        0xa c:/program files (x86)/atmel/studio/7.0/toolchain/avr8/avr8-gnu-toolchain/bin/../lib/gcc/avr/5.4.0/../../../../avr/lib/avr5\libm.a(cos.o)
                0x0000738e                cos
 .text.avr-libc.fplib
                0x00007398        0x8 c:/program files (x86)/atmel/studio/7.0/toolchain/avr8/avr8-gnu-toolchain/bin/../lib/gcc/avr/5.4.0/../../../../avr/lib/avr5\libm.a(divsf3.o)
                0x00007398                __divsf3
 .text.avr-libc.fplib
                0x000073a0       0xdc c:/program files (x86)/atmel/studio/7.0/toolchain/avr8/avr8-gnu-toolchain/bin/../lib/gcc/avr/5.4.0/../../../../avr/lib/avr5\libm.a(divsf3x.o)
                0x000073c0                __divsf3x
                0x000073c6                __divsf3_pse
 .text.avr-libc.fplib
                0x0000747c        0xe c:/program files (x86)/atmel/studio/7.0/toolchain/avr8/avr8-gnu-toolchain/bin/../lib/gcc/avr/5.4.0/../../../../avr/lib/avr5\libm.a(fixsfsi.o)
                0x0000747c                __fixsfsi
 .text.avr-libc.fplib
                0x0000748a       0x5e c:/program files (x86)/atmel/studio/7.0/toolchain/avr8/avr8-gnu-toolchain/bin/../lib/gcc/avr/5.4.0/../../../../avr/lib/avr5\libm.a(fixunssfsi.o)
                0x0000748a                __fixunssfsi
 .text.avr-libc.fplib
                0x000074e8       0x7a c:/program files (x86)/atmel/studio/7.0/toolchain/avr8/avr8-gnu-toolchain/bin/../lib/gcc/avr/5.4.0/../../../../avr/lib/avr5\libm.a(floatsisf.o)
                0x000074e8                __floatunsisf
                0x000074ec                __floatsisf
 .text.avr-libc.fplib
                0x00007562       0x2e c:/program files (x86)/atmel/studio/7.0/toolchain/avr8/avr8-gnu-toolchain/bin/../lib/gcc/avr/5.4.0/../../../../avr/lib/avr5\libm.a(floor.o)
                0x00007562                floor
 .text.avr-libc.fplib
                0x00007590       0x48 c:/program files (x86)/atmel/studio/7.0/toolchain/avr8/avr8-gnu-toolchain/bin/../lib/gcc/avr/5.4.0/../../../../avr/lib/avr5\libm.a(fp_cmp.o)
                0x00007590                __fp_cmp
 .text.avr-libc.fplib
                0x000075d8        0xc c:/program files (x86)/atmel/studio/7.0/toolchain/avr8/avr8-gnu-toolchain/bin/../lib/gcc/avr/5.4.0/../../../../avr/lib/avr5\libm.a(fp_inf.o)
                0x000075d8                __fp_inf
 .text.avr-libc.fplib
                0x000075e4       0x36 c:/program files (x86)/atmel/studio/7.0/toolchain/avr8/avr8-gnu-toolchain/bin/../lib/gcc/avr/5.4.0/../../../../avr/lib/avr5\libm.a(fp_mintl.o)
                0x000075e4                __fp_mintl
 .text.avr-libc.fplib
                0x0000761a       0x1c c:/program files (x86)/atmel/studio/7.0/toolchain/avr8/avr8-gnu-toolchain/bin/../lib/gcc/avr/5.4.0/../../../../avr/lib/avr5\libm.a(fp_mpack.o)
                0x0000761a                __fp_mpack
                0x0000761e                __fp_mpack_finite
 .text.avr-libc.fplib
                0x00007636        0x6 c:/program files (x86)/atmel/studio/7.0/toolchain/avr8/avr8-gnu-toolchain/bin/../lib/gcc/avr/5.4.0/../../../../avr/lib/avr5\libm.a(fp_nan.o)
                0x00007636                __fp_nan
 .text.avr-libc.fplib
                0x0000763c       0x4e c:/program files (x86)/atmel/studio/7.0/toolchain/avr8/avr8-gnu-toolchain/bin/../lib/gcc/avr/5.4.0/../../../../avr/lib/avr5\libm.a(fp_powser.o)
                0x0000763c                __fp_powser
 .text.avr-libc.fplib
                0x0000768a        0xe c:/program files (x86)/atmel/studio/7.0/toolchain/avr8/avr8-gnu-toolchain/bin/../lib/gcc/avr/5.4.0/../../../../avr/lib/avr5\libm.a(fp_pscA.o)
                0x0000768a                __fp_pscA
 .text.avr-libc.fplib
                0x00007698        0xe c:/program files (x86)/atmel/studio/7.0/toolchain/avr8/avr8-gnu-toolchain/bin/../lib/gcc/avr/5.4.0/../../../../avr/lib/avr5\libm.a(fp_pscB.o)
                0x00007698                __fp_pscB
 .text.avr-libc.fplib
                0x000076a6       0x56 c:/program files (x86)/atmel/studio/7.0/toolchain/avr8/avr8-gnu-toolchain/bin/../lib/gcc/avr/5.4.0/../../../../avr/lib/avr5\libm.a(fp_rempio2.o)
                0x000076aa                __fp_rempio2
 .text.avr-libc.fplib
                0x000076fc       0x22 c:/program files (x86)/atmel/studio/7.0/toolchain/avr8/avr8-gnu-toolchain/bin/../lib/gcc/avr/5.4.0/../../../../avr/lib/avr5\libm.a(fp_round.o)
                0x000076fc                __fp_round
 .text.avr-libc.fplib
                0x0000771e       0x28 c:/program files (x86)/atmel/studio/7.0/toolchain/avr8/avr8-gnu-toolchain/bin/../lib/gcc/avr/5.4.0/../../../../avr/lib/avr5\libm.a(fp_sinus.o)
                0x0000771e                __fp_sinus
 .text.avr-libc.fplib
                0x00007746       0x44 c:/program files (x86)/atmel/studio/7.0/toolchain/avr8/avr8-gnu-toolchain/bin/../lib/gcc/avr/5.4.0/../../../../avr/lib/avr5\libm.a(fp_split3.o)
                0x00007746                __fp_split3
                0x00007756                __fp_splitA
 .text.avr-libc.fplib
                0x0000778a       0x30 c:/program files (x86)/atmel/studio/7.0/toolchain/avr8/avr8-gnu-toolchain/bin/../lib/gcc/avr/5.4.0/../../../../avr/lib/avr5\libm.a(fp_trunc.o)
                0x0000778a                __fp_trunc
 .text.avr-libc.fplib
                0x000077ba        0xe c:/program files (x86)/atmel/studio/7.0/toolchain/avr8/avr8-gnu-toolchain/bin/../lib/gcc/avr/5.4.0/../../../../avr/lib/avr5\libm.a(fp_zero.o)
                0x000077ba                __fp_zero
                0x000077bc                __fp_szero
 .text.avr-libc.fplib
                0x000077c8        0xa c:/program files (x86)/atmel/studio/7.0/toolchain/avr8/avr8-gnu-toolchain/bin/../lib/gcc/avr/5.4.0/../../../../avr/lib/avr5\libm.a(gesf2.o)
                0x000077c8                __gesf2
                0x000077c8                __gtsf2
 .text.avr-libc.fplib
                0x000077d2       0x10 c:/program files (x86)/atmel/studio/7.0/toolchain/avr8/avr8-gnu-toolchain/bin/../lib/gcc/avr/5.4.0/../../../../avr/lib/avr5\libm.a(inverse.o)
                0x000077d2                inverse
 .text.avr-libc.fplib
                0x000077e2       0x66 c:/program files (x86)/atmel/studio/7.0/toolchain/avr8/avr8-gnu-toolchain/bin/../lib/gcc/avr/5.4.0/../../../../avr/lib/avr5\libm.a(lround.o)
                0x000077e2                lround
 .text.avr-libc.fplib
                0x00007848        0x8 c:/program files (x86)/atmel/studio/7.0/toolchain/avr8/avr8-gnu-toolchain/bin/../lib/gcc/avr/5.4.0/../../../../avr/lib/avr5\libm.a(mulsf3.o)
                0x00007848                __mulsf3
 .text.avr-libc.fplib
                0x00007850       0xd2 c:/program files (x86)/atmel/studio/7.0/toolchain/avr8/avr8-gnu-toolchain/bin/../lib/gcc/avr/5.4.0/../../../../avr/lib/avr5\libm.a(mulsf3x.o)
                0x0000786e                __mulsf3x
                0x00007874                __mulsf3_pse
 .text.avr-libc.fplib
                0x00007922       0x48 c:/program files (x86)/atmel/studio/7.0/toolchain/avr8/avr8-gnu-toolchain/bin/../lib/gcc/avr/5.4.0/../../../../avr/lib/avr5\libm.a(round.o)
                0x00007922                round
 .text.avr-libc.fplib
                0x0000796a       0x10 c:/program files (x86)/atmel/studio/7.0/toolchain/avr8/avr8-gnu-toolchain/bin/../lib/gcc/avr/5.4.0/../../../../avr/lib/avr5\libm.a(sin.o)
                0x0000796a                sin
 .text.avr-libc.fplib
                0x0000797a       0x8c c:/program files (x86)/atmel/studio/7.0/toolchain/avr8/avr8-gnu-toolchain/bin/../lib/gcc/avr/5.4.0/../../../../avr/lib/avr5\libm.a(sqrt.o)
                0x00007986                sqrtf
                0x00007986                sqrt
 .text.avr-libc.fplib
                0x00007a06        0x8 c:/program files (x86)/atmel/studio/7.0/toolchain/avr8/avr8-gnu-toolchain/bin/../lib/gcc/avr/5.4.0/../../../../avr/lib/avr5\libm.a(square.o)
                0x00007a06                square
 .text.avr-libc.fplib
                0x00007a0e       0x16 c:/program files (x86)/atmel/studio/7.0/toolchain/avr8/avr8-gnu-toolchain/bin/../lib/gcc/avr/5.4.0/../../../../avr/lib/avr5\libm.a(trunc.o)
                0x00007a0e                trunc
 .text.avr-libc.fplib
                0x00007a24        0xe c:/program files (x86)/atmel/studio/7.0/toolchain/avr8/avr8-gnu-toolchain/bin/../lib/gcc/avr/5.4.0/../../../../avr/lib/avr5\libm.a(fp_norm2.o)
                0x00007a24                __fp_norm2
 .text.avr-libc.fplib
                0x00007a32       0x28 c:/program files (x86)/atmel/studio/7.0/toolchain/avr8/avr8-gnu-toolchain/bin/../lib/gcc/avr/5.4.0/../../../../avr/lib/avr5\libm.a(fp_powsodd.o)
                0x00007a32                __fp_powsodd
 .text.libgcc.div
                0x00007a5a       0x18 c:/program files (x86)/atmel/studio/7.0/toolchain/avr8/avr8-gnu-toolchain/bin/../lib/gcc/avr/5.4.0/avr5\libgcc.a(_udivmodqi4.o)
                0x00007a5a                __udivmodqi4
 .text.libgcc.div
                0x00007a72       0x44 c:/program files (x86)/atmel/studio/7.0/toolchain/avr8/avr8-gnu-toolchain/bin/../lib/gcc/avr/5.4.0/avr5\libgcc.a(_udivmodsi4.o)
                0x00007a72                __udivmodsi4
 .text.libgcc   0x00007ab6        0xc c:/program files (x86)/atmel/studio/7.0/toolchain/avr8/avr8-gnu-toolchain/bin/../lib/gcc/avr/5.4.0/avr5\libgcc.a(_tablejump2.o)
                0x00007ab6                __tablejump2__
                0x00007ac2                . = ALIGN (0x2)
 *(.fini9)
 .fini9         0x00007ac2        0x0 c:/program files (x86)/atmel/studio/7.0/toolchain/avr8/avr8-gnu-toolchain/bin/../lib/gcc/avr/5.4.0/avr5\libgcc.a(_exit.o)
                0x00007ac2                _exit
                0x00007ac2                exit
 *(.fini9)
 *(.fini8)
 *(.fini8)
 *(.fini7)
 *(.fini7)
 *(.fini6)
 *(.fini6)
 *(.fini5)
 *(.fini5)
 *(.fini4)
 *(.fini4)
 *(.fini3)
 *(.fini3)
 *(.fini2)
 *(.fini2)
 *(.fini1)
 *(.fini1)
 *(.fini0)
 .fini0         0x00007ac2        0x4 c:/program files (x86)/atmel/studio/7.0/toolchain/avr8/avr8-gnu-toolchain/bin/../lib/gcc/avr/5.4.0/avr5\libgcc.a(_exit.o)
 *(.fini0)
                0x00007ac6                _etext = .

.data           0x00800100        0x6 load address 0x00007ac6
                0x00800100                PROVIDE (__data_start, .)
 *(.data)
 *(.data*)
 *(.gnu.linkonce.d*)
 *(.rodata)
 *(.rodata*)
 .rodata.str1.1
                0x00800100        0x5 stepper.o
 *(.gnu.linkonce.r*)
                0x00800106                . = ALIGN (0x2)
 *fill*         0x00800105        0x1 
                0x00800106                _edata = .
                0x00800106                PROVIDE (__data_end, .)

.bss            0x00800106      0x5cc
                0x00800106                PROVIDE (__bss_start, .)
 *(.bss)
 *(.bss*)
 .bss.pl        0x00800106       0x1c planner.o
 .bss.block_buffer_planned
                0x00800122        0x1 planner.o
 .bss.next_buffer_head
                0x00800123        0x1 planner.o
 .bss.block_buffer_head
                0x00800124        0x1 planner.o
 .bss.block_buffer_tail
                0x00800125        0x1 planner.o
 .bss.block_buffer
                0x00800126      0x2e2 planner.o
 .bss.line      0x00800408       0x50 protocol.o
 .bss.serial_tx_buffer_tail
                0x00800458        0x1 serial.o
                0x00800458                serial_tx_buffer_tail
 .bss.serial_tx_buffer_head
                0x00800459        0x1 serial.o
                0x00800459                serial_tx_buffer_head
 .bss.serial_rx_buffer_tail
                0x0080045a        0x1 serial.o
                0x0080045a                serial_rx_buffer_tail
 .bss.serial_rx_buffer_head
                0x0080045b        0x1 serial.o
                0x0080045b                serial_rx_buffer_head
 .bss.prep      0x0080045c       0x2b stepper.o
 .bss.pl_block  0x00800487        0x2 stepper.o
 .bss.busy      0x00800489        0x1 stepper.o
 .bss.dir_port_invert_mask
                0x0080048a        0x1 stepper.o
 .bss.step_port_invert_mask
                0x0080048b        0x1 stepper.o
 .bss.segment_next_head
                0x0080048c        0x1 stepper.o
 .bss.segment_buffer_head
                0x0080048d        0x1 stepper.o
 .bss.segment_buffer_tail
                0x0080048e        0x1 stepper.o
 .bss.st        0x0080048f       0x23 stepper.o
 .bss.segment_buffer
                0x008004b2       0x24 stepper.o
 .bss.st_block_buffer
                0x008004d6       0x55 stepper.o
 *(COMMON)
 COMMON         0x0080052b        0x3 coolant_control.o
                0x0080052b                sys_rt_exec_state
                0x0080052c                sys_probe_state
                0x0080052d                sys_rt_exec_alarm
 COMMON         0x0080052e       0x78 gcode.o
                0x0080052e                gc_state
                0x0080056d                gc_block
 COMMON         0x008005a6       0x1e main.o
                0x008005a6                sys
 COMMON         0x008005c4        0x1 probe.o
                0x008005c4                probe_invert_mask
 COMMON         0x008005c5       0xc0 serial.o
                0x008005c5                serial_tx_buffer
                0x00800605                serial_rx_buffer
 COMMON         0x00800685       0x4d settings.o
                0x00800685                settings
                0x008006d2                PROVIDE (__bss_end, .)
                0x00007ac6                __data_load_start = LOADADDR (.data)
                0x00007acc                __data_load_end = (__data_load_start + SIZEOF (.data))

.noinit         0x008006d2        0x0
                [!provide]                PROVIDE (__noinit_start, .)
 *(.noinit*)
                [!provide]                PROVIDE (__noinit_end, .)
                0x008006d2                _end = .
                [!provide]                PROVIDE (__heap_start, .)

.eeprom         0x00810000        0x0
 *(.eeprom*)
                0x00810000                __eeprom_end = .

.fuse
 *(.fuse)
 *(.lfuse)
 *(.hfuse)
 *(.efuse)

.lock
 *(.lock*)

.signature
 *(.signature*)

.user_signatures
 *(.user_signatures*)

.stab
 *(.stab)

.stabstr
 *(.stabstr)

.stab.excl
 *(.stab.excl)

.stab.exclstr
 *(.stab.exclstr)

.stab.index
 *(.stab.index)

.stab.indexstr
 *(.stab.indexstr)

.comment        0x00000000       0x30
 *(.comment)
 .comment       0x00000000       0x30 coolant_control.o
                                 0x31 (size before relaxing)
 .comment       0x00000030       0x31 eeprom.o
 .comment       0x00000030       0x31 gcode.o
 .comment       0x00000030       0x31 limits.o
 .comment       0x00000030       0x31 main.o
 .comment       0x00000030       0x31 motion_control.o
 .comment       0x00000030       0x31 nuts_bolts.o
 .comment       0x00000030       0x31 planner.o
 .comment       0x00000030       0x31 print.o
 .comment       0x00000030       0x31 probe.o
 .comment       0x00000030       0x31 protocol.o
 .comment       0x00000030       0x31 report.o
 .comment       0x00000030       0x31 serial.o
 .comment       0x00000030       0x31 servo_control.o
 .comment       0x00000030       0x31 settings.o
 .comment       0x00000030       0x31 spindle_control.o
 .comment       0x00000030       0x31 stepper.o
 .comment       0x00000030       0x31 system.o

.note.gnu.avr.deviceinfo
                0x00000000       0x40
 .note.gnu.avr.deviceinfo
                0x00000000       0x40 C:/Program Files (x86)/Atmel/Studio/7.0/Packs/atmel/ATmega_DFP/1.3.300/gcc/dev/atmega328p/avr5/crtatmega328p.o

.note.gnu.build-id
 *(.note.gnu.build-id)

.debug
 *(.debug)

.line
 *(.line)

.debug_srcinfo
 *(.debug_srcinfo)

.debug_sfnames
 *(.debug_sfnames)

.debug_aranges  0x00000000      0x548
 *(.debug_aranges)
 .debug_aranges
                0x00000000       0x38 coolant_control.o
 .debug_aranges
                0x00000038       0x38 eeprom.o
 .debug_aranges
                0x00000070       0x38 gcode.o
 .debug_aranges
                0x000000a8       0x48 limits.o
 .debug_aranges
                0x000000f0       0x20 main.o
 .debug_aranges
                0x00000110       0x48 motion_control.o
 .debug_aranges
                0x00000158       0x38 nuts_bolts.o
 .debug_aranges
                0x00000190       0x70 planner.o
 .debug_aranges
                0x00000200       0x70 print.o
 .debug_aranges
                0x00000270       0x38 probe.o
 .debug_aranges
                0x000002a8       0x38 protocol.o
 .debug_aranges
                0x000002e0       0x80 report.o
 .debug_aranges
                0x00000360       0x58 serial.o
 .debug_aranges
                0x000003b8       0x20 servo_control.o
 .debug_aranges
                0x000003d8       0x88 settings.o
 .debug_aranges
                0x00000460       0x38 spindle_control.o
 .debug_aranges
                0x00000498       0x60 stepper.o
 .debug_aranges
                0x000004f8       0x50 system.o

.debug_pubnames
 *(.debug_pubnames)

.debug_info     0x00000000     0x84cf
 *(.debug_info .gnu.linkonce.wi.*)
 .debug_info    0x00000000      0x5f4 C:/Program Files (x86)/Atmel/Studio/7.0/Packs/atmel/ATmega_DFP/1.3.300/gcc/dev/atmega328p/avr5/crtatmega328p.o
 .debug_info    0x000005f4      0x21d coolant_control.o
 .debug_info    0x00000811      0x227 eeprom.o
 .debug_info    0x00000a38      0xbf5 gcode.o
 .debug_info    0x0000162d      0x6a2 limits.o
 .debug_info    0x00001ccf      0x41c main.o
 .debug_info    0x000020eb      0xa6c motion_control.o
 .debug_info    0x00002b57      0x3eb nuts_bolts.o
 .debug_info    0x00002f42      0x812 planner.o
 .debug_info    0x00003754      0x61a print.o
 .debug_info    0x00003d6e      0x319 probe.o
 .debug_info    0x00004087      0x79a protocol.o
 .debug_info    0x00004821     0x1b26 report.o
 .debug_info    0x00006347      0x348 serial.o
 .debug_info    0x0000668f       0xcb servo_control.o
 .debug_info    0x0000675a      0x8b4 settings.o
 .debug_info    0x0000700e      0x289 spindle_control.o
 .debug_info    0x00007297      0xa24 stepper.o
 .debug_info    0x00007cbb      0x814 system.o

.debug_abbrev   0x00000000     0x2326
 *(.debug_abbrev)
 .debug_abbrev  0x00000000      0x5a2 C:/Program Files (x86)/Atmel/Studio/7.0/Packs/atmel/ATmega_DFP/1.3.300/gcc/dev/atmega328p/avr5/crtatmega328p.o
 .debug_abbrev  0x000005a2      0x135 coolant_control.o
 .debug_abbrev  0x000006d7       0xfd eeprom.o
 .debug_abbrev  0x000007d4      0x1b7 gcode.o
 .debug_abbrev  0x0000098b      0x210 limits.o
 .debug_abbrev  0x00000b9b      0x100 main.o
 .debug_abbrev  0x00000c9b      0x25a motion_control.o
 .debug_abbrev  0x00000ef5      0x17e nuts_bolts.o
 .debug_abbrev  0x00001073      0x2b0 planner.o
 .debug_abbrev  0x00001323      0x1b1 print.o
 .debug_abbrev  0x000014d4      0x11b probe.o
 .debug_abbrev  0x000015ef      0x1bd protocol.o
 .debug_abbrev  0x000017ac      0x204 report.o
 .debug_abbrev  0x000019b0      0x14c serial.o
 .debug_abbrev  0x00001afc       0x67 servo_control.o
 .debug_abbrev  0x00001b63      0x21b settings.o
 .debug_abbrev  0x00001d7e      0x15e spindle_control.o
 .debug_abbrev  0x00001edc      0x234 stepper.o
 .debug_abbrev  0x00002110      0x216 system.o

.debug_line     0x00000000     0x4f4f
 *(.debug_line .debug_line.* .debug_line_end)
 .debug_line    0x00000000      0x133 C:/Program Files (x86)/Atmel/Studio/7.0/Packs/atmel/ATmega_DFP/1.3.300/gcc/dev/atmega328p/avr5/crtatmega328p.o
 .debug_line    0x00000133      0x12c coolant_control.o
 .debug_line    0x0000025f      0x22a eeprom.o
 .debug_line    0x00000489      0xd68 gcode.o
 .debug_line    0x000011f1      0x443 limits.o
 .debug_line    0x00001634      0x206 main.o
 .debug_line    0x0000183a      0x4e4 motion_control.o
 .debug_line    0x00001d1e      0x306 nuts_bolts.o
 .debug_line    0x00002024      0x54e planner.o
 .debug_line    0x00002572      0x35b print.o
 .debug_line    0x000028cd      0x13f probe.o
 .debug_line    0x00002a0c      0x570 protocol.o
 .debug_line    0x00002f7c      0x867 report.o
 .debug_line    0x000037e3      0x288 serial.o
 .debug_line    0x00003a6b       0xd4 servo_control.o
 .debug_line    0x00003b3f      0x5bf settings.o
 .debug_line    0x000040fe      0x18c spindle_control.o
 .debug_line    0x0000428a      0x7ee stepper.o
 .debug_line    0x00004a78      0x4d7 system.o

.debug_frame    0x00000000     0x1190
 *(.debug_frame)
 .debug_frame   0x00000000       0x5c coolant_control.o
 .debug_frame   0x0000005c       0xcc eeprom.o
 .debug_frame   0x00000128       0xd4 gcode.o
 .debug_frame   0x000001fc      0x174 limits.o
 .debug_frame   0x00000370       0x24 main.o
 .debug_frame   0x00000394      0x16c motion_control.o
 .debug_frame   0x00000500       0xe0 nuts_bolts.o
 .debug_frame   0x000005e0      0x180 planner.o
 .debug_frame   0x00000760      0x190 print.o
 .debug_frame   0x000008f0       0x54 probe.o
 .debug_frame   0x00000944       0xc4 protocol.o
 .debug_frame   0x00000a08      0x1a0 report.o
 .debug_frame   0x00000ba8       0xfc serial.o
 .debug_frame   0x00000ca4       0x24 servo_control.o
 .debug_frame   0x00000cc8      0x15c settings.o
 .debug_frame   0x00000e24       0x84 spindle_control.o
 .debug_frame   0x00000ea8      0x1a0 stepper.o
 .debug_frame   0x00001048      0x148 system.o

.debug_str      0x00000000     0x17f2
 *(.debug_str)
 .debug_str     0x00000000      0x208 C:/Program Files (x86)/Atmel/Studio/7.0/Packs/atmel/ATmega_DFP/1.3.300/gcc/dev/atmega328p/avr5/crtatmega328p.o
 .debug_str     0x00000208      0x21f coolant_control.o
                                0x270 (size before relaxing)
 .debug_str     0x00000427       0xb2 eeprom.o
                                0x219 (size before relaxing)
 .debug_str     0x000004d9      0x31d gcode.o
                                0x584 (size before relaxing)
 .debug_str     0x000007f6      0x275 limits.o
                                0x4d7 (size before relaxing)
 .debug_str     0x00000a6b       0x86 main.o
                                0x406 (size before relaxing)
 .debug_str     0x00000af1      0x1cb motion_control.o
                                0x67d (size before relaxing)
 .debug_str     0x00000cbc       0x53 nuts_bolts.o
                                0x28c (size before relaxing)
 .debug_str     0x00000d0f      0x252 planner.o
                                0x652 (size before relaxing)
 .debug_str     0x00000f61      0x113 print.o
                                0x3df (size before relaxing)
 .debug_str     0x00001074       0x33 probe.o
                                0x39f (size before relaxing)
 .debug_str     0x000010a7       0xdd protocol.o
                                0x4f8 (size before relaxing)
 .debug_str     0x00001184      0x126 report.o
                                0x6d0 (size before relaxing)
 .debug_str     0x000012aa       0xd3 serial.o
                                0x2ee (size before relaxing)
 .debug_str     0x0000137d       0x15 servo_control.o
                                0x1b7 (size before relaxing)
 .debug_str     0x00001392      0x11e settings.o
                                0x53e (size before relaxing)
 .debug_str     0x000014b0       0x30 spindle_control.o
                                0x27d (size before relaxing)
 .debug_str     0x000014e0      0x2ee stepper.o
                                0x829 (size before relaxing)
 .debug_str     0x000017ce       0x24 system.o
                                0x59f (size before relaxing)

.debug_loc      0x00000000     0x5e43
 *(.debug_loc)
 .debug_loc     0x00000000       0x6f coolant_control.o
 .debug_loc     0x0000006f      0x480 eeprom.o
 .debug_loc     0x000004ef      0xc30 gcode.o
 .debug_loc     0x0000111f      0x701 limits.o
 .debug_loc     0x00001820      0xa1b motion_control.o
 .debug_loc     0x0000223b      0x6e6 nuts_bolts.o
 .debug_loc     0x00002921      0x65e planner.o
 .debug_loc     0x00002f7f      0x80e print.o
 .debug_loc     0x0000378d       0x21 probe.o
 .debug_loc     0x000037ae      0x334 protocol.o
 .debug_loc     0x00003ae2      0x77a report.o
 .debug_loc     0x0000425c      0x258 serial.o
 .debug_loc     0x000044b4      0x9ae settings.o
 .debug_loc     0x00004e62      0x1b6 spindle_control.o
 .debug_loc     0x00005018      0x9ab stepper.o
 .debug_loc     0x000059c3      0x480 system.o

.debug_macinfo
 *(.debug_macinfo)

.debug_weaknames
 *(.debug_weaknames)

.debug_funcnames
 *(.debug_funcnames)

.debug_typenames
 *(.debug_typenames)

.debug_varnames
 *(.debug_varnames)

.debug_pubtypes
 *(.debug_pubtypes)

.debug_ranges   0x00000000      0x508
 *(.debug_ranges)
 .debug_ranges  0x00000000       0x28 coolant_control.o
 .debug_ranges  0x00000028       0x28 eeprom.o
 .debug_ranges  0x00000050       0x70 gcode.o
 .debug_ranges  0x000000c0       0x38 limits.o
 .debug_ranges  0x000000f8       0x10 main.o
 .debug_ranges  0x00000108       0x38 motion_control.o
 .debug_ranges  0x00000140       0x28 nuts_bolts.o
 .debug_ranges  0x00000168       0x60 planner.o
 .debug_ranges  0x000001c8       0x78 print.o
 .debug_ranges  0x00000240       0x28 probe.o
 .debug_ranges  0x00000268       0x58 protocol.o
 .debug_ranges  0x000002c0       0x70 report.o
 .debug_ranges  0x00000330       0x48 serial.o
 .debug_ranges  0x00000378       0x10 servo_control.o
 .debug_ranges  0x00000388       0xb0 settings.o
 .debug_ranges  0x00000438       0x28 spindle_control.o
 .debug_ranges  0x00000460       0x68 stepper.o
 .debug_ranges  0x000004c8       0x40 system.o

.debug_macro
 *(.debug_macro)
OUTPUT(Grbl.elf elf32-avr)
LOAD linker stubs
